// Jest Snapshot v1, https://goo.gl/fbAQLP

exports[`Pruebas en el <CounterApp /> debe de mostrar <CounterApp /> correctamente 1`] = `ShallowWrapper {}`;
